2026/08/03 18:53:02 ✓ 已加载默认标签配置 C:\Users\HP455 G7\WorkBuddy\2026-07-30-22-36-36\bookmark-app\backend\default-tags.toml（4 个分类 / 12 个标签项）
2026/08/03 18:53:02 资源定时同步：已启用，每 15 分钟执行一次
[GIN-debug] [WARNING] Creating an Engine instance with the Logger and Recovery middleware already attached.

[GIN-debug] [WARNING] Running in "debug" mode. Switch to "release" mode in production.
 - using env:	export GIN_MODE=release
 - using code:	gin.SetMode(gin.ReleaseMode)

[GIN-debug] GET    /assets/*filepath         --> github.com/gin-gonic/gin.(*RouterGroup).createStaticHandler.func1 (4 handlers)
[GIN-debug] HEAD   /assets/*filepath         --> github.com/gin-gonic/gin.(*RouterGroup).createStaticHandler.func1 (4 handlers)
[GIN-debug] GET    /resource/*filepath       --> github.com/gin-gonic/gin.(*RouterGroup).createStaticHandler.func1 (4 handlers)
[GIN-debug] HEAD   /resource/*filepath       --> github.com/gin-gonic/gin.(*RouterGroup).createStaticHandler.func1 (4 handlers)
[GIN-debug] GET    /                         --> main.registerRoutes.func1 (4 handlers)
[GIN-debug] GET    /api/health               --> main.healthHandler (4 handlers)
[GIN-debug] GET    /api/stats                --> main.statsHandler (4 handlers)
[GIN-debug] GET    /api/settings             --> main.getSettings (4 handlers)
[GIN-debug] PUT    /api/settings             --> main.updateSettings (4 handlers)
[GIN-debug] GET    /api/bookmarks            --> main.listBookmarks (4 handlers)
[GIN-debug] GET    /api/bookmarks/:id        --> main.getBookmark (4 handlers)
[GIN-debug] POST   /api/bookmarks            --> main.createBookmark (4 handlers)
[GIN-debug] GET    /api/search               --> main.searchBookmarks (4 handlers)
[GIN-debug] DELETE /api/bookmarks/:id        --> main.deleteBookmark (4 handlers)
[GIN-debug] PUT    /api/bookmarks/:id        --> main.updateBookmark (4 handlers)
[GIN-debug] PUT    /api/bookmarks/:id/favorite --> main.setFavorite (4 handlers)
[GIN-debug] PUT    /api/bookmarks/:id/detail --> main.updateDetail (4 handlers)
[GIN-debug] POST   /api/bookmarks/batch      --> main.batchUpdateBookmarks (4 handlers)
[GIN-debug] GET    /api/categories           --> main.listCategories (4 handlers)
[GIN-debug] POST   /api/categories           --> main.createCategory (4 handlers)
[GIN-debug] PUT    /api/categories/:id       --> main.renameCategory (4 handlers)
[GIN-debug] DELETE /api/categories/:id       --> main.deleteCategory (4 handlers)
[GIN-debug] GET    /api/tags                 --> main.listTags (4 handlers)
[GIN-debug] POST   /api/tags                 --> main.createTag (4 handlers)
[GIN-debug] PUT    /api/tags/:id             --> main.renameTag (4 handlers)
[GIN-debug] DELETE /api/tags/:id             --> main.deleteTag (4 handlers)
2026/08/03 18:53:02 ==================================================
2026/08/03 18:53:02   📚 网页收藏服务 (Go + Gin + GORM + SQLite)
2026/08/03 18:53:02 ==================================================
2026/08/03 18:53:02   管理页面: http://localhost:9000
2026/08/03 18:53:02   数据文件: C:\Users\HP455 G7\WorkBuddy\2026-07-30-22-36-36\bookmark-app\backend\bookmarks.db
2026/08/03 18:53:02 ==================================================
[GIN-debug] [WARNING] You trusted all proxies, this is NOT safe. We recommend you to set a value.
Please check https://pkg.go.dev/github.com/gin-gonic/gin#readme-don-t-trust-all-proxies for details.
[GIN-debug] Listening and serving HTTP on 0.0.0.0:9000
[GIN] 2026/08/03 - 18:53:04 | 200 |       529.3µs |             ::1 | GET      "/api/health"
2026/08/03 18:53:05 下载图标失败 https://stackoverflow.com/favicon.ico: <nil>
2026/08/03 18:53:11 下载图标失败 https://youtube.com/favicon.ico: Get "https://youtube.com/favicon.ico": context deadline exceeded (Client.Timeout exceeded while awaiting headers)
2026/08/03 18:53:17 下载图标失败 https://wikipedia.org/favicon.ico: Get "https://wikipedia.org/favicon.ico": context deadline exceeded (Client.Timeout exceeded while awaiting headers)
[GIN] 2026/08/03 - 18:53:17 | 200 |      2.6547ms |             ::1 | GET      "/api/bookmarks?category_id=2&limit=1"
[GIN] 2026/08/03 - 18:53:18 | 200 |      2.0592ms |             ::1 | GET      "/api/bookmarks/195"
[GIN] 2026/08/03 - 18:53:18 | 200 |      6.8397ms |             ::1 | POST     "/api/bookmarks/batch"
[GIN] 2026/08/03 - 18:53:18 | 200 |      3.8156ms |             ::1 | GET      "/api/bookmarks?favorite=1&limit=1"
[GIN] 2026/08/03 - 18:53:19 | 200 |      6.3355ms |             ::1 | POST     "/api/bookmarks/batch"
2026/08/03 18:53:19 下载图标失败 https://csdn.net/favicon.ico: <nil>
[GIN] 2026/08/03 - 18:53:19 | 200 |      5.2049ms |             ::1 | POST     "/api/bookmarks/batch"
[GIN] 2026/08/03 - 18:53:19 | 200 |      5.2019ms |             ::1 | POST     "/api/bookmarks/batch"
2026/08/03 18:53:25 下载图标失败 https://medium.com/favicon.ico: Get "https://medium.com/favicon.ico": context deadline exceeded (Client.Timeout exceeded while awaiting headers)
2026/08/03 18:53:25 下载图标失败 https://vuejs.org/favicon.ico: <nil>
2026/08/03 18:53:25 下载图标失败 https://kubernetes.io/favicon.ico: <nil>
2026/08/03 18:53:26 下载图标失败 https://figma.com/favicon.ico: <nil>
2026/08/03 18:53:27 下载图标失败 https://notion.so/favicon.ico: Get "https://notion.so/favicon.ico": read tcp 192.168.10.21:63852->208.103.161.1:443: wsarecv: An existing connection was forcibly closed by the remote host.
2026/08/03 18:53:28 下载图标失败 https://infoq.com/favicon.ico: <nil>
2026/08/03 18:53:34 下载图标失败 https://v2ex.com/favicon.ico: Get "https://v2ex.com/favicon.ico": context deadline exceeded (Client.Timeout exceeded while awaiting headers)
2026/08/03 18:53:34 下载图标失败 https://stackoverflow.com/favicon.ico: <nil>
[GIN] 2026/08/03 - 18:53:37 | 200 |    130.5128ms |             ::1 | GET      "/"
[GIN] 2026/08/03 - 18:53:37 | 200 |      1.0332ms |             ::1 | GET      "/assets/index-By4soEOS.css"
[GIN] 2026/08/03 - 18:53:37 | 200 |      1.0667ms |             ::1 | GET      "/assets/index-CqH685el.js"
[GIN] 2026/08/03 - 18:53:39 | 304 |            0s |             ::1 | GET      "/page/229"
[GIN] 2026/08/03 - 18:53:39 | 304 |            0s |             ::1 | GET      "/page/assets/index-CqH685el.js"
[GIN] 2026/08/03 - 18:53:39 | 304 |       536.5µs |             ::1 | GET      "/page/assets/index-By4soEOS.css"
2026/08/03 18:53:40 下载图标失败 https://youtube.com/favicon.ico: Get "https://youtube.com/favicon.ico": context deadline exceeded (Client.Timeout exceeded while awaiting headers)
2026/08/03 18:53:46 下载图标失败 https://wikipedia.org/favicon.ico: Get "https://wikipedia.org/favicon.ico": context deadline exceeded (Client.Timeout exceeded while awaiting headers)
2026/08/03 18:53:47 下载图标失败 https://csdn.net/favicon.ico: <nil>
2026/08/03 18:53:53 下载图标失败 https://medium.com/favicon.ico: Get "https://medium.com/favicon.ico": context deadline exceeded (Client.Timeout exceeded while awaiting headers)
2026/08/03 18:53:53 下载图标失败 https://vuejs.org/favicon.ico: <nil>
2026/08/03 18:53:53 下载图标失败 https://kubernetes.io/favicon.ico: <nil>
2026/08/03 18:53:56 下载图标失败 https://figma.com/favicon.ico: <nil>
2026/08/03 18:53:56 下载图标失败 https://notion.so/favicon.ico: Get "https://notion.so/favicon.ico": read tcp 192.168.10.21:63882->208.103.161.1:443: wsarecv: An existing connection was forcibly closed by the remote host.
2026/08/03 18:53:57 下载图标失败 https://infoq.com/favicon.ico: <nil>
[GIN] 2026/08/03 - 18:54:01 | 200 |    128.8184ms |             ::1 | POST     "/api/bookmarks/batch"
[GIN] 2026/08/03 - 18:54:01 | 200 |      2.1236ms |             ::1 | GET      "/api/bookmarks/195"
[GIN] 2026/08/03 - 18:54:01 | 200 |      2.0555ms |             ::1 | GET      "/api/bookmarks?favorite=1&limit=1"
2026/08/03 18:54:03 下载图标失败 https://v2ex.com/favicon.ico: Get "https://v2ex.com/favicon.ico": context deadline exceeded (Client.Timeout exceeded while awaiting headers)
2026/08/03 18:54:03 下载图标失败 https://stackoverflow.com/favicon.ico: <nil>
2026/08/03 18:54:09 下载图标失败 https://youtube.com/favicon.ico: Get "https://youtube.com/favicon.ico": context deadline exceeded (Client.Timeout exceeded while awaiting headers)
2026/08/03 18:54:15 下载图标失败 https://wikipedia.org/favicon.ico: Get "https://wikipedia.org/favicon.ico": context deadline exceeded (Client.Timeout exceeded while awaiting headers)
2026/08/03 18:54:15 下载图标失败 https://csdn.net/favicon.ico: <nil>
2026/08/03 18:54:21 下载图标失败 https://medium.com/favicon.ico: Get "https://medium.com/favicon.ico": context deadline exceeded (Client.Timeout exceeded while awaiting headers)
2026/08/03 18:54:22 下载图标失败 https://vuejs.org/favicon.ico: <nil>
2026/08/03 18:54:24 下载图标失败 https://kubernetes.io/favicon.ico: <nil>
2026/08/03 18:54:25 下载图标失败 https://figma.com/favicon.ico: <nil>
2026/08/03 18:54:26 下载图标失败 https://notion.so/favicon.ico: Get "https://notion.so/favicon.ico": read tcp 192.168.10.21:63920->208.103.161.1:443: wsarecv: An existing connection was forcibly closed by the remote host.
2026/08/03 18:54:26 下载图标失败 https://infoq.com/favicon.ico: <nil>
[GIN] 2026/08/03 - 18:54:27 | 304 |            0s |             ::1 | GET      "/page/229"
[GIN] 2026/08/03 - 18:54:27 | 304 |       290.6µs |             ::1 | GET      "/page/assets/index-CqH685el.js"
[GIN] 2026/08/03 - 18:54:27 | 304 |            0s |             ::1 | GET      "/page/assets/index-By4soEOS.css"
2026/08/03 18:54:32 下载图标失败 https://v2ex.com/favicon.ico: Get "https://v2ex.com/favicon.ico": context deadline exceeded (Client.Timeout exceeded while awaiting headers)
2026/08/03 18:54:32 下载图标失败 https://stackoverflow.com/favicon.ico: <nil>
2026/08/03 18:54:38 下载图标失败 https://youtube.com/favicon.ico: Get "https://youtube.com/favicon.ico": context deadline exceeded (Client.Timeout exceeded while awaiting headers)
2026/08/03 18:54:44 下载图标失败 https://wikipedia.org/favicon.ico: Get "https://wikipedia.org/favicon.ico": context deadline exceeded (Client.Timeout exceeded while awaiting headers)
[GIN] 2026/08/03 - 18:54:44 | 200 |       528.4µs |       127.0.0.1 | HEAD     "/"
2026/08/03 18:54:45 下载图标失败 https://csdn.net/favicon.ico: <nil>
[GIN] 2026/08/03 - 18:54:45 | 200 |       197.3µs |             ::1 | GET      "/"
[GIN] 2026/08/03 - 18:54:45 | 200 |       516.6µs |             ::1 | GET      "/assets/index-CqH685el.js"
[GIN] 2026/08/03 - 18:54:45 | 200 |      1.0267ms |             ::1 | GET      "/assets/index-By4soEOS.css"
[GIN] 2026/08/03 - 18:54:45 | 200 |      3.1129ms |             ::1 | GET      "/api/categories"
[GIN] 2026/08/03 - 18:54:45 | 200 |       3.152ms |             ::1 | GET      "/api/tags"
[GIN] 2026/08/03 - 18:54:45 | 200 |      5.2024ms |             ::1 | GET      "/api/stats"
[GIN] 2026/08/03 - 18:54:45 | 200 |      9.2699ms |             ::1 | GET      "/api/bookmarks?limit=10&offset=0"
[GIN] 2026/08/03 - 18:54:45 | 304 |      1.8792ms |             ::1 | GET      "/resource/icons/bilibili.com.ico"
[GIN] 2026/08/03 - 18:54:45 | 304 |      2.2125ms |             ::1 | GET      "/resource/covers/237330b496a5a82f.jpg"
[GIN] 2026/08/03 - 18:54:45 | 304 |      1.5984ms |             ::1 | GET      "/resource/covers/6d507f03f21e3775.jpg"
[GIN] 2026/08/03 - 18:54:45 | 304 |      2.2311ms |             ::1 | GET      "/resource/covers/7ce00e8e1bc3319d.jpg"
[GIN] 2026/08/03 - 18:54:45 | 304 |      2.2311ms |             ::1 | GET      "/resource/covers/5317789fc39edb79.jpg"
[GIN] 2026/08/03 - 18:54:45 | 304 |      1.5984ms |             ::1 | GET      "/resource/covers/79c90da46f95ca88.jpg"
[GIN] 2026/08/03 - 18:54:45 | 304 |            0s |             ::1 | GET      "/resource/covers/bb38a60d54c5c9ed.jpg"
[GIN] 2026/08/03 - 18:54:45 | 304 |       520.7µs |             ::1 | GET      "/resource/covers/caab88e6c09bb39d.jpg"
[GIN] 2026/08/03 - 18:54:45 | 304 |       568.5µs |             ::1 | GET      "/resource/covers/41edcb70f008e582.jpg"
[GIN] 2026/08/03 - 18:54:45 | 304 |       1.023ms |             ::1 | GET      "/resource/covers/369ffe4d2ffa4a94.jpg"
[GIN] 2026/08/03 - 18:54:45 | 304 |       1.023ms |             ::1 | GET      "/resource/covers/c64c73a63ba162d8.jpg"
[GIN] 2026/08/03 - 18:54:50 | 304 |            0s |             ::1 | GET      "/page/229"
2026/08/03 18:54:51 下载图标失败 https://medium.com/favicon.ico: Get "https://medium.com/favicon.ico": context deadline exceeded (Client.Timeout exceeded while awaiting headers)
2026/08/03 18:54:51 下载图标失败 https://vuejs.org/favicon.ico: <nil>
2026/08/03 18:54:51 下载图标失败 https://kubernetes.io/favicon.ico: <nil>
2026/08/03 18:54:51 下载图标失败 https://figma.com/favicon.ico: <nil>
[GIN] 2026/08/03 - 18:54:51 | 304 |            0s |             ::1 | GET      "/page/229"
2026/08/03 18:54:52 下载图标失败 https://notion.so/favicon.ico: Get "https://notion.so/favicon.ico": read tcp 192.168.10.21:63956->208.103.161.1:443: wsarecv: An existing connection was forcibly closed by the remote host.
[GIN] 2026/08/03 - 18:54:52 | 304 |            0s |             ::1 | GET      "/page/229"
2026/08/03 18:54:52 下载图标失败 https://infoq.com/favicon.ico: <nil>
[GIN] 2026/08/03 - 18:54:52 | 304 |       505.4µs |             ::1 | GET      "/page/229"
2026/08/03 18:54:58 下载图标失败 https://v2ex.com/favicon.ico: Get "https://v2ex.com/favicon.ico": context deadline exceeded (Client.Timeout exceeded while awaiting headers)
[GIN] 2026/08/03 - 18:55:03 | 304 |       518.6µs |             ::1 | GET      "/page/229"
[GIN] 2026/08/03 - 18:55:03 | 304 |            0s |             ::1 | GET      "/page/assets/index-CqH685el.js"
[GIN] 2026/08/03 - 18:55:03 | 304 |            0s |             ::1 | GET      "/page/assets/index-By4soEOS.css"
[GIN] 2026/08/03 - 18:55:07 | 304 |            0s |             ::1 | GET      "/page/229"
[GIN] 2026/08/03 - 18:55:07 | 304 |       513.8µs |             ::1 | GET      "/page/229"
[GIN] 2026/08/03 - 18:55:08 | 304 |            0s |             ::1 | GET      "/page/229"
[GIN] 2026/08/03 - 18:55:14 | 304 |            0s |             ::1 | GET      "/page/229"
[GIN] 2026/08/03 - 18:55:14 | 304 |            0s |             ::1 | GET      "/page/229"
[GIN] 2026/08/03 - 18:55:17 | 200 |       535.9µs |             ::1 | GET      "/"
[GIN] 2026/08/03 - 18:55:17 | 200 |      1.0744ms |             ::1 | GET      "/assets/index-CqH685el.js"
[GIN] 2026/08/03 - 18:55:17 | 200 |       532.6µs |             ::1 | GET      "/assets/index-By4soEOS.css"
[GIN] 2026/08/03 - 18:55:18 | 200 |      1.5601ms |             ::1 | GET      "/api/stats"
[GIN] 2026/08/03 - 18:55:18 | 200 |      2.6061ms |             ::1 | GET      "/api/categories"
[GIN] 2026/08/03 - 18:55:18 | 200 |      3.1086ms |             ::1 | GET      "/api/tags"
[GIN] 2026/08/03 - 18:55:18 | 200 |      4.3253ms |             ::1 | GET      "/api/bookmarks?limit=10&offset=0"
[GIN] 2026/08/03 - 18:55:18 | 304 |       526.4µs |             ::1 | GET      "/resource/covers/5317789fc39edb79.jpg"
[GIN] 2026/08/03 - 18:55:18 | 304 |      1.0431ms |             ::1 | GET      "/resource/covers/237330b496a5a82f.jpg"
[GIN] 2026/08/03 - 18:55:18 | 304 |      1.0376ms |             ::1 | GET      "/resource/covers/6d507f03f21e3775.jpg"
[GIN] 2026/08/03 - 18:55:18 | 304 |       520.9µs |             ::1 | GET      "/resource/covers/79c90da46f95ca88.jpg"
[GIN] 2026/08/03 - 18:55:18 | 304 |       552.1µs |             ::1 | GET      "/resource/covers/bb38a60d54c5c9ed.jpg"
[GIN] 2026/08/03 - 18:55:18 | 304 |       521.6µs |             ::1 | GET      "/resource/covers/caab88e6c09bb39d.jpg"
[GIN] 2026/08/03 - 18:55:18 | 304 |      1.6091ms |             ::1 | GET      "/resource/covers/369ffe4d2ffa4a94.jpg"
[GIN] 2026/08/03 - 18:55:18 | 304 |      1.6091ms |             ::1 | GET      "/resource/covers/c64c73a63ba162d8.jpg"
[GIN] 2026/08/03 - 18:55:18 | 304 |      2.7839ms |             ::1 | GET      "/resource/covers/41edcb70f008e582.jpg"
[GIN] 2026/08/03 - 18:57:26 | 200 |      1.5539ms |             ::1 | GET      "/api/bookmarks?limit=10&offset=0&favorite=1"
[GIN] 2026/08/03 - 18:57:28 | 200 |      3.3642ms |             ::1 | GET      "/api/bookmarks?limit=10&offset=0"
[GIN] 2026/08/03 - 18:57:28 | 200 |      2.1266ms |             ::1 | GET      "/api/bookmarks?limit=10&offset=0&favorite=1"
[GIN] 2026/08/03 - 19:00:41 | 200 |      2.5914ms |             ::1 | GET      "/api/bookmarks?limit=10&offset=0"
[GIN] 2026/08/03 - 19:00:41 | 200 |      2.6326ms |             ::1 | GET      "/api/bookmarks?limit=10&offset=0&favorite=1"
[GIN] 2026/08/03 - 19:01:22 | 200 |       524.2µs |             ::1 | GET      "/?fav=1"
[GIN] 2026/08/03 - 19:01:22 | 304 |      1.0861ms |             ::1 | GET      "/assets/index-By4soEOS.css"
[GIN] 2026/08/03 - 19:01:22 | 304 |      1.0861ms |             ::1 | GET      "/assets/index-CqH685el.js"
[GIN] 2026/08/03 - 19:01:22 | 200 |      1.0591ms |             ::1 | GET      "/api/stats"
[GIN] 2026/08/03 - 19:01:22 | 200 |      1.0552ms |             ::1 | GET      "/api/tags"
[GIN] 2026/08/03 - 19:01:22 | 200 |       3.176ms |             ::1 | GET      "/api/bookmarks?limit=10&offset=0&favorite=1"
[GIN] 2026/08/03 - 19:01:22 | 200 |      2.1007ms |             ::1 | GET      "/api/categories"
